Gctx::VerboseMode: 1
Gctx::BuildType: DEBUG
Gctx::UptoStage: LEX
Gctx::SourceFile: /home/tanmay/Documents/CodingRepos/compiler/custom_tests/tests/01_keywords.cpp
Driver::OptimisticDefects: 10
Driver::SourceCode: 

// ============================================================================
// Test File: 01_keywords.cpp
// Purpose: Test all 36 keyword TokenTypes specified in types/token/token.hh
// ============================================================================

// 1. K_NAMESPACE, K_USING
namespace TestNamespace {

    // 2. K_TYPEDEF
    typedef unsigned long long uint64_t;

    // 3. K_USING
    using Byte = unsigned char;

    // 4. K_ENUM
    enum Color {
        RED,
        GREEN,
        BLUE
    };

    // 5. K_CLASS, K_THIS
    class BaseClass {
    public:
        // 6. K_VIRTUAL (if needed, but not in enum), K_VOID, K_STATIC, K_CONST
        static const int default_capacity = 16;

        BaseClass() {}
        
        // 7. K_THIS
        BaseClass* get_self() {
            return this;
        }

        // 8. K_VIRTUAL/K_VOID
        void do_nothing() {}
    };

    // 9. K_STRUCT
    struct Point {
        // 10. K_INT, K_FLOAT, K_DOUBLE
        int x;
        float y;
        double z;

        // 11. K_SHORT, K_LONG, K_SIGNED, K_UNSIGNED, K_CHAR, K_BOOL
        short s;
        long l;
        signed int si;
        unsigned int ui;
        char c;
        bool flag;
    };

    // 12. K_UNION
    union ValueHolder {
        int int_val;
        double dbl_val;
        char char_val;
    };
}

// 13. K_VOID, K_INT
void test_control_flow(int x) {
    // 14. K_IF, K_ELSE
    if (x > 0) {
        x = x - 1;
    } else {
        x = x + 1;
    }

    // 15. K_WHILE, K_CONTINUE, K_BREAK
    while (x < 100) {
        x = x + 10;
        if (x == 50) {
            continue;
        }
        if (x == 80) {
            break;
        }
    }

    // 16. K_DO
    do {
        x = x + 1;
    } while (x < 90);

    // 17. K_FOR
    for (int i = 0; i < 10; i = i + 1) {
        x = x + i;
    }

    // 18. K_SWITCH, K_CASE
    switch (x) {
        case 1:
            break;
        case 2:
            break;
        default: // Note: default label if supported
            break;
    }

    // 19. K_GOTO
    goto end_label;

end_label:
    // 20. K_RETURN
    return;
}

// 21. K_NEW, K_DELETE, K_SIZEOF, K_TRUE, K_FALSE
int test_memory_and_operators() {
    // 22. K_BOOL, K_TRUE, K_FALSE
    bool is_valid = true;
    bool is_done = false;

    // 23. K_SIZEOF
    int size_int = sizeof(int);
    int size_struct = sizeof(TestNamespace::Point);

    // 24. K_NEW, K_DELETE
    int* ptr = new int;
    *ptr = 42;
    delete ptr;

    int* arr = new int[10];
    delete[] arr;

    // 25. K_RETURN
    return 0;
}

Lexer::LexerOutput: 310 Tokens
namespace (TokenType: K_NAMESPACE)
TestNamespace (TokenType: IDENTIFIER)
{ (TokenType: LPAREN_CURLY)
typedef (TokenType: K_TYPEDEF)
unsigned (TokenType: K_UNSIGNED)
long (TokenType: K_LONG)
long (TokenType: K_LONG)
uint64_t (TokenType: IDENTIFIER)
; (TokenType: SEMICOLON)
using (TokenType: K_USING)
Byte (TokenType: IDENTIFIER)
= (TokenType: OP_ASSIGN)
unsigned (TokenType: K_UNSIGNED)
char (TokenType: K_CHAR)
; (TokenType: SEMICOLON)
enum (TokenType: K_ENUM)
Color (TokenType: IDENTIFIER)
{ (TokenType: LPAREN_CURLY)
RED (TokenType: IDENTIFIER)
, (TokenType: OP_COMMA)
GREEN (TokenType: IDENTIFIER)
, (TokenType: OP_COMMA)
BLUE (TokenType: IDENTIFIER)
} (TokenType: RPAREN_CURLY)
; (TokenType: SEMICOLON)
class (TokenType: K_CLASS)
BaseClass (TokenType: IDENTIFIER)
{ (TokenType: LPAREN_CURLY)
public (TokenType: IDENTIFIER)
: (TokenType: OP_COLON)
static (TokenType: K_STATIC)
const (TokenType: K_CONST)
int (TokenType: K_INT)
default_capacity (TokenType: IDENTIFIER)
= (TokenType: OP_ASSIGN)
16 (int) (TokenType: LITERAL_INTEGER)
; (TokenType: SEMICOLON)
BaseClass (TokenType: IDENTIFIER)
( (TokenType: LPAREN_ROUND)
) (TokenType: RPAREN_ROUND)
{ (TokenType: LPAREN_CURLY)
} (TokenType: RPAREN_CURLY)
BaseClass (TokenType: IDENTIFIER)
* (TokenType: OP_MUL)
get_self (TokenType: IDENTIFIER)
( (TokenType: LPAREN_ROUND)
) (TokenType: RPAREN_ROUND)
{ (TokenType: LPAREN_CURLY)
return (TokenType: K_RETURN)
this (TokenType: K_THIS)
; (TokenType: SEMICOLON)
} (TokenType: RPAREN_CURLY)
void (TokenType: K_VOID)
do_nothing (TokenType: IDENTIFIER)
( (TokenType: LPAREN_ROUND)
) (TokenType: RPAREN_ROUND)
{ (TokenType: LPAREN_CURLY)
} (TokenType: RPAREN_CURLY)
} (TokenType: RPAREN_CURLY)
; (TokenType: SEMICOLON)
struct (TokenType: K_STRUCT)
Point (TokenType: IDENTIFIER)
{ (TokenType: LPAREN_CURLY)
int (TokenType: K_INT)
x (TokenType: IDENTIFIER)
; (TokenType: SEMICOLON)
float (TokenType: K_FLOAT)
y (TokenType: IDENTIFIER)
; (TokenType: SEMICOLON)
double (TokenType: K_DOUBLE)
z (TokenType: IDENTIFIER)
; (TokenType: SEMICOLON)
short (TokenType: K_SHORT)
s (TokenType: IDENTIFIER)
; (TokenType: SEMICOLON)
long (TokenType: K_LONG)
l (TokenType: IDENTIFIER)
; (TokenType: SEMICOLON)
signed (TokenType: K_SIGNED)
int (TokenType: K_INT)
si (TokenType: IDENTIFIER)
; (TokenType: SEMICOLON)
unsigned (TokenType: K_UNSIGNED)
int (TokenType: K_INT)
ui (TokenType: IDENTIFIER)
; (TokenType: SEMICOLON)
char (TokenType: K_CHAR)
c (TokenType: IDENTIFIER)
; (TokenType: SEMICOLON)
bool (TokenType: K_BOOL)
flag (TokenType: IDENTIFIER)
; (TokenType: SEMICOLON)
} (TokenType: RPAREN_CURLY)
; (TokenType: SEMICOLON)
union (TokenType: K_UNION)
ValueHolder (TokenType: IDENTIFIER)
{ (TokenType: LPAREN_CURLY)
int (TokenType: K_INT)
int_val (TokenType: IDENTIFIER)
; (TokenType: SEMICOLON)
double (TokenType: K_DOUBLE)
dbl_val (TokenType: IDENTIFIER)
; (TokenType: SEMICOLON)
char (TokenType: K_CHAR)
char_val (TokenType: IDENTIFIER)
; (TokenType: SEMICOLON)
} (TokenType: RPAREN_CURLY)
; (TokenType: SEMICOLON)
} (TokenType: RPAREN_CURLY)
void (TokenType: K_VOID)
test_control_flow (TokenType: IDENTIFIER)
( (TokenType: LPAREN_ROUND)
int (TokenType: K_INT)
x (TokenType: IDENTIFIER)
) (TokenType: RPAREN_ROUND)
{ (TokenType: LPAREN_CURLY)
if (TokenType: K_IF)
( (TokenType: LPAREN_ROUND)
x (TokenType: IDENTIFIER)
> (TokenType: OP_GT)
0 (int) (TokenType: LITERAL_INTEGER)
) (TokenType: RPAREN_ROUND)
{ (TokenType: LPAREN_CURLY)
x (TokenType: IDENTIFIER)
= (TokenType: OP_ASSIGN)
x (TokenType: IDENTIFIER)
- (TokenType: OP_UNARY_MINUS)
1 (int) (TokenType: LITERAL_INTEGER)
; (TokenType: SEMICOLON)
} (TokenType: RPAREN_CURLY)
else (TokenType: K_ELSE)
{ (TokenType: LPAREN_CURLY)
x (TokenType: IDENTIFIER)
= (TokenType: OP_ASSIGN)
x (TokenType: IDENTIFIER)
+ (TokenType: OP_PLUS)
1 (int) (TokenType: LITERAL_INTEGER)
; (TokenType: SEMICOLON)
} (TokenType: RPAREN_CURLY)
while (TokenType: K_WHILE)
( (TokenType: LPAREN_ROUND)
x (TokenType: IDENTIFIER)
< (TokenType: OP_LT)
100 (int) (TokenType: LITERAL_INTEGER)
) (TokenType: RPAREN_ROUND)
{ (TokenType: LPAREN_CURLY)
x (TokenType: IDENTIFIER)
= (TokenType: OP_ASSIGN)
x (TokenType: IDENTIFIER)
+ (TokenType: OP_PLUS)
10 (int) (TokenType: LITERAL_INTEGER)
; (TokenType: SEMICOLON)
if (TokenType: K_IF)
( (TokenType: LPAREN_ROUND)
x (TokenType: IDENTIFIER)
== (TokenType: OP_EQ)
50 (int) (TokenType: LITERAL_INTEGER)
) (TokenType: RPAREN_ROUND)
{ (TokenType: LPAREN_CURLY)
continue (TokenType: K_CONTINUE)
; (TokenType: SEMICOLON)
} (TokenType: RPAREN_CURLY)
if (TokenType: K_IF)
( (TokenType: LPAREN_ROUND)
x (TokenType: IDENTIFIER)
== (TokenType: OP_EQ)
80 (int) (TokenType: LITERAL_INTEGER)
) (TokenType: RPAREN_ROUND)
{ (TokenType: LPAREN_CURLY)
break (TokenType: K_BREAK)
; (TokenType: SEMICOLON)
} (TokenType: RPAREN_CURLY)
} (TokenType: RPAREN_CURLY)
do (TokenType: K_DO)
{ (TokenType: LPAREN_CURLY)
x (TokenType: IDENTIFIER)
= (TokenType: OP_ASSIGN)
x (TokenType: IDENTIFIER)
+ (TokenType: OP_PLUS)
1 (int) (TokenType: LITERAL_INTEGER)
; (TokenType: SEMICOLON)
} (TokenType: RPAREN_CURLY)
while (TokenType: K_WHILE)
( (TokenType: LPAREN_ROUND)
x (TokenType: IDENTIFIER)
< (TokenType: OP_LT)
90 (int) (TokenType: LITERAL_INTEGER)
) (TokenType: RPAREN_ROUND)
; (TokenType: SEMICOLON)
for (TokenType: K_FOR)
( (TokenType: LPAREN_ROUND)
int (TokenType: K_INT)
i (TokenType: IDENTIFIER)
= (TokenType: OP_ASSIGN)
0 (int) (TokenType: LITERAL_INTEGER)
; (TokenType: SEMICOLON)
i (TokenType: IDENTIFIER)
< (TokenType: OP_LT)
10 (int) (TokenType: LITERAL_INTEGER)
; (TokenType: SEMICOLON)
i (TokenType: IDENTIFIER)
= (TokenType: OP_ASSIGN)
i (TokenType: IDENTIFIER)
+ (TokenType: OP_PLUS)
1 (int) (TokenType: LITERAL_INTEGER)
) (TokenType: RPAREN_ROUND)
{ (TokenType: LPAREN_CURLY)
x (TokenType: IDENTIFIER)
= (TokenType: OP_ASSIGN)
x (TokenType: IDENTIFIER)
+ (TokenType: OP_PLUS)
i (TokenType: IDENTIFIER)
; (TokenType: SEMICOLON)
} (TokenType: RPAREN_CURLY)
switch (TokenType: K_SWITCH)
( (TokenType: LPAREN_ROUND)
x (TokenType: IDENTIFIER)
) (TokenType: RPAREN_ROUND)
{ (TokenType: LPAREN_CURLY)
case (TokenType: K_CASE)
1 (int) (TokenType: LITERAL_INTEGER)
: (TokenType: OP_COLON)
break (TokenType: K_BREAK)
; (TokenType: SEMICOLON)
case (TokenType: K_CASE)
2 (int) (TokenType: LITERAL_INTEGER)
: (TokenType: OP_COLON)
break (TokenType: K_BREAK)
; (TokenType: SEMICOLON)
default (TokenType: IDENTIFIER)
: (TokenType: OP_COLON)
break (TokenType: K_BREAK)
; (TokenType: SEMICOLON)
} (TokenType: RPAREN_CURLY)
goto (TokenType: K_GOTO)
end_label (TokenType: IDENTIFIER)
; (TokenType: SEMICOLON)
end_label (TokenType: IDENTIFIER)
: (TokenType: OP_COLON)
return (TokenType: K_RETURN)
; (TokenType: SEMICOLON)
} (TokenType: RPAREN_CURLY)
int (TokenType: K_INT)
test_memory_and_operators (TokenType: IDENTIFIER)
( (TokenType: LPAREN_ROUND)
) (TokenType: RPAREN_ROUND)
{ (TokenType: LPAREN_CURLY)
bool (TokenType: K_BOOL)
is_valid (TokenType: IDENTIFIER)
= (TokenType: OP_ASSIGN)
true (TokenType: K_TRUE)
; (TokenType: SEMICOLON)
bool (TokenType: K_BOOL)
is_done (TokenType: IDENTIFIER)
= (TokenType: OP_ASSIGN)
false (TokenType: K_FALSE)
; (TokenType: SEMICOLON)
int (TokenType: K_INT)
size_int (TokenType: IDENTIFIER)
= (TokenType: OP_ASSIGN)
sizeof (TokenType: K_SIZEOF)
( (TokenType: LPAREN_ROUND)
int (TokenType: K_INT)
) (TokenType: RPAREN_ROUND)
; (TokenType: SEMICOLON)
int (TokenType: K_INT)
size_struct (TokenType: IDENTIFIER)
= (TokenType: OP_ASSIGN)
sizeof (TokenType: K_SIZEOF)
( (TokenType: LPAREN_ROUND)
TestNamespace (TokenType: IDENTIFIER)
:: (TokenType: OP_DOUBLE_COLON)
Point (TokenType: IDENTIFIER)
) (TokenType: RPAREN_ROUND)
; (TokenType: SEMICOLON)
int (TokenType: K_INT)
* (TokenType: OP_MUL)
ptr (TokenType: IDENTIFIER)
= (TokenType: OP_ASSIGN)
new (TokenType: K_NEW)
int (TokenType: K_INT)
; (TokenType: SEMICOLON)
* (TokenType: OP_MUL)
ptr (TokenType: IDENTIFIER)
= (TokenType: OP_ASSIGN)
42 (int) (TokenType: LITERAL_INTEGER)
; (TokenType: SEMICOLON)
delete (TokenType: K_DELETE)
ptr (TokenType: IDENTIFIER)
; (TokenType: SEMICOLON)
int (TokenType: K_INT)
* (TokenType: OP_MUL)
arr (TokenType: IDENTIFIER)
= (TokenType: OP_ASSIGN)
new (TokenType: K_NEW)
int (TokenType: K_INT)
[ (TokenType: LPAREN_SQUARE)
10 (int) (TokenType: LITERAL_INTEGER)
] (TokenType: RPAREN_SQUARE)
; (TokenType: SEMICOLON)
delete (TokenType: K_DELETE)
[ (TokenType: LPAREN_SQUARE)
] (TokenType: RPAREN_SQUARE)
arr (TokenType: IDENTIFIER)
; (TokenType: SEMICOLON)
return (TokenType: K_RETURN)
0 (int) (TokenType: LITERAL_INTEGER)
; (TokenType: SEMICOLON)
} (TokenType: RPAREN_CURLY)
 (TokenType: EOF_TOKEN)

Lexer: Lexing stage completed

