Gctx::VerboseMode: 1
Gctx::BuildType: DEBUG
Gctx::UptoStage: PARSE
Gctx::SourceFile: custom_tests/parse/10_invalid_at_sign.cpp
Driver::OptimisticDefects: 2
Driver::SourceCode: 
int main() {
    int a = @;
    return 0;
}
Lexer::LexerOutput: 15 Tokens
Lexeme                    Token                 
------------------------------------------------
int                       K_INT                 
main                      IDENTIFIER            
(                         LPAREN_ROUND          
)                         RPAREN_ROUND          
{                         LPAREN_CURLY          
int                       K_INT                 
a                         IDENTIFIER            
=                         OP_ASSIGN             
@                         AT                    
;                         SEMICOLON             
return                    K_RETURN              
0 (int)                   LITERAL_INTEGER       
;                         SEMICOLON             
}                         RPAREN_CURLY          
                          EOF_TOKEN             

Lexer: Lexing stage completed

Parser::AST: 
Program(
    Function(
        IsStatic: 0, IsConst: 0
        TypeSpecifierModifier: None
        FuncType: 
        DeclarationIdentifier(
            PointerCount: 0
                Identifier(main)
            ArraySizes: 
            FunctionParameters: 
                Args(
                )
        )
        ReturnType: 
        Identifier(int)
        FunctionBody:
        CompoundStatement(
            DeclarationList(
                IsStatic: 0, IsConst: 0
                TypeSpecifierModifier: None
                Identifier(int)
                SingleDeclarationNode(
                    DeclarationIdentifier(
                        PointerCount: 0
                            Identifier(a)
                        ArraySizes: 
                    )
                    InitializerNode(
                        Expressions: 0
                    )
                )
            )
            Return(
                CommaExpression(
                    PrimaryExpression(
                        Constant(0)
                    )
                )
            )
        )
    )
)

custom_tests/parse/10_invalid_at_sign.cpp:2:13: [38;2;255;0;0merror: [0mexpected expression (PARSE)
	    int a = @;
	            [38;2;255;0;0m^[0m
custom_tests/parse/10_invalid_at_sign.cpp:2:11: [38;2;255;0;0merror: [0mexpected ',' or ';' in declaration (PARSE)
	    int a = @;
	              [38;2;255;0;0m^[0m
Compilation failed due to 2 error(s)
