Gctx::VerboseMode: 1
Gctx::BuildType: DEBUG
Gctx::UptoStage: PARSE
Gctx::SourceFile: custom_tests/parse/16_invalid_missing_semicolon.cpp
Driver::OptimisticDefects: 2
Driver::SourceCode: 
int main() {
    int a = 1
    return a;
}
Lexer::LexerOutput: 14 Tokens
Lexeme                    Token                 
------------------------------------------------
int                       K_INT                 
main                      IDENTIFIER            
(                         LPAREN_ROUND          
)                         RPAREN_ROUND          
{                         LPAREN_CURLY          
int                       K_INT                 
a                         IDENTIFIER            
=                         OP_ASSIGN             
1 (int)                   LITERAL_INTEGER       
return                    K_RETURN              
a                         IDENTIFIER            
;                         SEMICOLON             
}                         RPAREN_CURLY          
                          EOF_TOKEN             

Lexer: Lexing stage completed

Parser::AST: 
Program(
    Function(
        IsStatic: 0, IsConst: 0
        TypeSpecifierModifier: None
        FuncType: 
        DeclarationIdentifier(
            PointerCount: 0
                Identifier(main)
            ArraySizes: 
            FunctionParameters: 
                Args(
                )
        )
        ReturnType: 
        Identifier(int)
        FunctionBody:
        CompoundStatement(
            DeclarationList(
                IsStatic: 0, IsConst: 0
                TypeSpecifierModifier: None
                Identifier(int)
                SingleDeclarationNode(
                    DeclarationIdentifier(
                        PointerCount: 0
                            Identifier(a)
                        ArraySizes: 
                    )
                    InitializerNode(
                        Expressions: 1
                        PrimaryExpression(
                            Constant(1)
                        )
                    )
                )
            )
        )
    )
)

custom_tests/parse/16_invalid_missing_semicolon.cpp:3:5: [38;2;255;0;0merror: [0mexpected ',' or ';' in declaration (PARSE)
	    return a;
	    [38;2;255;0;0m^[0m
Compilation failed due to 1 error(s)
