Gctx::VerboseMode: 1
Gctx::BuildType: DEBUG
Gctx::UptoStage: PARSE
Gctx::SourceFile: custom_tests/parse/27_invalid_while_label_typename.cpp
Driver::OptimisticDefects: 2
Driver::SourceCode: 
struct Marker {
    int x;
};

int main() {
    int x = 0;
    while (x < 5 Marker Marker) {
        x = x + 1;
    }
    return x;
}
Lexer::LexerOutput: 39 Tokens
Lexeme                    Token                 
------------------------------------------------
struct                    K_STRUCT              
Marker                    IDENTIFIER            
{                         LPAREN_CURLY          
int                       K_INT                 
x                         IDENTIFIER            
;                         SEMICOLON             
}                         RPAREN_CURLY          
;                         SEMICOLON             
int                       K_INT                 
main                      IDENTIFIER            
(                         LPAREN_ROUND          
)                         RPAREN_ROUND          
{                         LPAREN_CURLY          
int                       K_INT                 
x                         IDENTIFIER            
=                         OP_ASSIGN             
0 (int)                   LITERAL_INTEGER       
;                         SEMICOLON             
while                     K_WHILE               
(                         LPAREN_ROUND          
x                         IDENTIFIER            
<                         OP_LT                 
5 (int)                   LITERAL_INTEGER       
Marker                    IDENTIFIER            
Marker                    IDENTIFIER            
)                         RPAREN_ROUND          
{                         LPAREN_CURLY          
x                         IDENTIFIER            
=                         OP_ASSIGN             
x                         IDENTIFIER            
+                         OP_PLUS               
1 (int)                   LITERAL_INTEGER       
;                         SEMICOLON             
}                         RPAREN_CURLY          
return                    K_RETURN              
x                         IDENTIFIER            
;                         SEMICOLON             
}                         RPAREN_CURLY          
                          EOF_TOKEN             

Lexer: Lexing stage completed

Parser::AST: 
Program(
    Struct(
        Identifier(Marker)
        StructBodyNode(
            DeclarationList(
                IsStatic: 0, IsConst: 0
                TypeSpecifierModifier: None
                Identifier(int)
                SingleDeclarationNode(
                    DeclarationIdentifier(
                        PointerCount: 0
                            Identifier(x)
                        ArraySizes: 
                    )
                    Initialization : nullptr
                )
            )
        )
    )
    Function(
        IsStatic: 0, IsConst: 0
        TypeSpecifierModifier: None
        FuncType: 
        DeclarationIdentifier(
            PointerCount: 0
                Identifier(main)
            ArraySizes: 
            FunctionParameters: 
                Args(
                )
        )
        ReturnType: 
        Identifier(int)
        FunctionBody:
        CompoundStatement(
            DeclarationList(
                IsStatic: 0, IsConst: 0
                TypeSpecifierModifier: None
                Identifier(int)
                SingleDeclarationNode(
                    DeclarationIdentifier(
                        PointerCount: 0
                            Identifier(x)
                        ArraySizes: 
                    )
                    InitializerNode(
                        Expressions: 1
                        PrimaryExpression(
                            Constant(0)
                        )
                    )
                )
            )
            While(
                CommaExpression(
                    BinaryExpression(
                        BinaryOp: OP_LT,
                        PrimaryExpression(
                            Identifier(x)
                        )
                        PrimaryExpression(
                            Constant(5)
                        )
                    )
                )
            ;
                Identifier(Marker)
                CompoundStatement(
                    ExpressionStatement(
                        CommaExpression(
                            BinaryExpression(
                                BinaryOp: OP_ASSIGN,
                                PrimaryExpression(
                                    Identifier(x)
                                )
                                BinaryExpression(
                                    BinaryOp: OP_ADD,
                                    PrimaryExpression(
                                        Identifier(x)
                                    )
                                    PrimaryExpression(
                                        Constant(1)
                                    )
                                )
                            )
                        )
                    )
                )
            )
            Return(
                CommaExpression(
                    PrimaryExpression(
                        Identifier(x)
                    )
                )
            )
        )
    )
)

custom_tests/parse/27_invalid_while_label_typename.cpp:7:31: [38;2;255;0;0merror: [0midentifier cannot be a type name (PARSE)
	    while (x < 5 Marker Marker) {
	                              [38;2;255;0;0m^[0m
Compilation failed due to 1 error(s)
