Gctx::VerboseMode: 1
Gctx::BuildType: DEBUG
Gctx::UptoStage: PARSE
Gctx::SourceFile: custom_tests/parse/26_invalid_for_label_typename.cpp
Driver::OptimisticDefects: 2
Driver::SourceCode: 
typedef int TNum;

int main() {
    int x = 0;
    for (x = 0; x < 5; x = x + 1; TNum) {
        x = x + 1;
    }
    return x;
}
Lexer::LexerOutput: 45 Tokens
Lexeme                    Token                 
------------------------------------------------
typedef                   K_TYPEDEF             
int                       K_INT                 
TNum                      IDENTIFIER            
;                         SEMICOLON             
int                       K_INT                 
main                      IDENTIFIER            
(                         LPAREN_ROUND          
)                         RPAREN_ROUND          
{                         LPAREN_CURLY          
int                       K_INT                 
x                         IDENTIFIER            
=                         OP_ASSIGN             
0 (int)                   LITERAL_INTEGER       
;                         SEMICOLON             
for                       K_FOR                 
(                         LPAREN_ROUND          
x                         IDENTIFIER            
=                         OP_ASSIGN             
0 (int)                   LITERAL_INTEGER       
;                         SEMICOLON             
x                         IDENTIFIER            
<                         OP_LT                 
5 (int)                   LITERAL_INTEGER       
;                         SEMICOLON             
x                         IDENTIFIER            
=                         OP_ASSIGN             
x                         IDENTIFIER            
+                         OP_PLUS               
1 (int)                   LITERAL_INTEGER       
;                         SEMICOLON             
TNum                      IDENTIFIER            
)                         RPAREN_ROUND          
{                         LPAREN_CURLY          
x                         IDENTIFIER            
=                         OP_ASSIGN             
x                         IDENTIFIER            
+                         OP_PLUS               
1 (int)                   LITERAL_INTEGER       
;                         SEMICOLON             
}                         RPAREN_CURLY          
return                    K_RETURN              
x                         IDENTIFIER            
;                         SEMICOLON             
}                         RPAREN_CURLY          
                          EOF_TOKEN             

Lexer: Lexing stage completed

Parser::AST: 
Program(
    Typedef(
        isConst = 0
        Identifier(int)
        DeclarationIdentifier(
            PointerCount: 0
                Identifier(TNum)
            ArraySizes: 
        )
        Modifier: None
    )
    Function(
        IsStatic: 0, IsConst: 0
        TypeSpecifierModifier: None
        FuncType: 
        DeclarationIdentifier(
            PointerCount: 0
                Identifier(main)
            ArraySizes: 
            FunctionParameters: 
                Args(
                )
        )
        ReturnType: 
        Identifier(int)
        FunctionBody:
        CompoundStatement(
            DeclarationList(
                IsStatic: 0, IsConst: 0
                TypeSpecifierModifier: None
                Identifier(int)
                SingleDeclarationNode(
                    DeclarationIdentifier(
                        PointerCount: 0
                            Identifier(x)
                        ArraySizes: 
                    )
                    InitializerNode(
                        Expressions: 1
                        PrimaryExpression(
                            Constant(0)
                        )
                    )
                )
            )
            For(
                CommaExpression(
                    BinaryExpression(
                        BinaryOp: OP_ASSIGN,
                        PrimaryExpression(
                            Identifier(x)
                        )
                        PrimaryExpression(
                            Constant(0)
                        )
                    )
                )
                CommaExpression(
                    BinaryExpression(
                        BinaryOp: OP_LT,
                        PrimaryExpression(
                            Identifier(x)
                        )
                        PrimaryExpression(
                            Constant(5)
                        )
                    )
                )
                CommaExpression(
                    BinaryExpression(
                        BinaryOp: OP_ASSIGN,
                        PrimaryExpression(
                            Identifier(x)
                        )
                        BinaryExpression(
                            BinaryOp: OP_ADD,
                            PrimaryExpression(
                                Identifier(x)
                            )
                            PrimaryExpression(
                                Constant(1)
                            )
                        )
                    )
                )
                Identifier(TNum)
                CompoundStatement(
                    ExpressionStatement(
                        CommaExpression(
                            BinaryExpression(
                                BinaryOp: OP_ASSIGN,
                                PrimaryExpression(
                                    Identifier(x)
                                )
                                BinaryExpression(
                                    BinaryOp: OP_ADD,
                                    PrimaryExpression(
                                        Identifier(x)
                                    )
                                    PrimaryExpression(
                                        Constant(1)
                                    )
                                )
                            )
                        )
                    )
                )
            )
            Return(
                CommaExpression(
                    PrimaryExpression(
                        Identifier(x)
                    )
                )
            )
        )
    )
)

custom_tests/parse/26_invalid_for_label_typename.cpp:5:39: [38;2;255;0;0merror: [0midentifier cannot be a type name (PARSE)
	    for (x = 0; x < 5; x = x + 1; TNum) {
	                                      [38;2;255;0;0m^[0m
Compilation failed due to 1 error(s)
