Gctx::VerboseMode: 1
Gctx::BuildType: DEBUG
Gctx::UptoStage: PARSE
Gctx::SourceFile: custom_tests/parse/31_invalid_cascade_multiple_constructs.cpp
Driver::OptimisticDefects: 2
Driver::SourceCode: 
struct Broken {
    int x;
    int y = 5
    int z;
};

int main() {
    int a = 1;
    while (a < 10 {
        a = a + 1;
    }
    return a;
}
Lexer::LexerOutput: 43 Tokens
Lexeme                    Token                 
------------------------------------------------
struct                    K_STRUCT              
Broken                    IDENTIFIER            
{                         LPAREN_CURLY          
int                       K_INT                 
x                         IDENTIFIER            
;                         SEMICOLON             
int                       K_INT                 
y                         IDENTIFIER            
=                         OP_ASSIGN             
5 (int)                   LITERAL_INTEGER       
int                       K_INT                 
z                         IDENTIFIER            
;                         SEMICOLON             
}                         RPAREN_CURLY          
;                         SEMICOLON             
int                       K_INT                 
main                      IDENTIFIER            
(                         LPAREN_ROUND          
)                         RPAREN_ROUND          
{                         LPAREN_CURLY          
int                       K_INT                 
a                         IDENTIFIER            
=                         OP_ASSIGN             
1 (int)                   LITERAL_INTEGER       
;                         SEMICOLON             
while                     K_WHILE               
(                         LPAREN_ROUND          
a                         IDENTIFIER            
<                         OP_LT                 
10 (int)                  LITERAL_INTEGER       
{                         LPAREN_CURLY          
a                         IDENTIFIER            
=                         OP_ASSIGN             
a                         IDENTIFIER            
+                         OP_PLUS               
1 (int)                   LITERAL_INTEGER       
;                         SEMICOLON             
}                         RPAREN_CURLY          
return                    K_RETURN              
a                         IDENTIFIER            
;                         SEMICOLON             
}                         RPAREN_CURLY          
                          EOF_TOKEN             

Lexer: Lexing stage completed

Parser::AST: 
Program(
    Struct(
        Identifier(Broken)
        StructBodyNode(
            DeclarationList(
                IsStatic: 0, IsConst: 0
                TypeSpecifierModifier: None
                Identifier(int)
                SingleDeclarationNode(
                    DeclarationIdentifier(
                        PointerCount: 0
                            Identifier(x)
                        ArraySizes: 
                    )
                    Initialization : nullptr
                )
            )
            DeclarationList(
                IsStatic: 0, IsConst: 0
                TypeSpecifierModifier: None
                Identifier(int)
                SingleDeclarationNode(
                    DeclarationIdentifier(
                        PointerCount: 0
                            Identifier(y)
                        ArraySizes: 
                    )
                    InitializerNode(
                        Expressions: 1
                        PrimaryExpression(
                            Constant(5)
                        )
                    )
                )
            )
        )
    )
    Function(
        IsStatic: 0, IsConst: 0
        TypeSpecifierModifier: None
        FuncType: 
        DeclarationIdentifier(
            PointerCount: 0
                Identifier(main)
            ArraySizes: 
            FunctionParameters: 
                Args(
                )
        )
        ReturnType: 
        Identifier(int)
        FunctionBody:
        CompoundStatement(
            DeclarationList(
                IsStatic: 0, IsConst: 0
                TypeSpecifierModifier: None
                Identifier(int)
                SingleDeclarationNode(
                    DeclarationIdentifier(
                        PointerCount: 0
                            Identifier(a)
                        ArraySizes: 
                    )
                    InitializerNode(
                        Expressions: 1
                        PrimaryExpression(
                            Constant(1)
                        )
                    )
                )
            )
            While(
                CommaExpression(
                    BinaryExpression(
                        BinaryOp: OP_LT,
                        PrimaryExpression(
                            Identifier(a)
                        )
                        PrimaryExpression(
                            Constant(10)
                        )
                    )
                )
                CompoundStatement(
                    ExpressionStatement(
                        CommaExpression(
                            BinaryExpression(
                                BinaryOp: OP_ASSIGN,
                                PrimaryExpression(
                                    Identifier(a)
                                )
                                BinaryExpression(
                                    BinaryOp: OP_ADD,
                                    PrimaryExpression(
                                        Identifier(a)
                                    )
                                    PrimaryExpression(
                                        Constant(1)
                                    )
                                )
                            )
                        )
                    )
                )
            )
            Return(
                CommaExpression(
                    PrimaryExpression(
                        Identifier(a)
                    )
                )
            )
        )
    )
)

custom_tests/parse/31_invalid_cascade_multiple_constructs.cpp:3:13: [38;2;255;0;0merror: [0mexpected ',' or ';' in declaration (PARSE)
	    int y = 5
	             [38;2;255;0;0m^[0m
custom_tests/parse/31_invalid_cascade_multiple_constructs.cpp:9:19: [38;2;255;0;0merror: [0mexpected ')' (PARSE)
	    while (a < 10 {
	                  [38;2;255;0;0m^[0m
Compilation failed due to 2 error(s)
