Gctx::VerboseMode: 1
Gctx::BuildType: DEBUG
Gctx::UptoStage: PARSE
Gctx::SourceFile: custom_tests/parse/33_invalid_cascade_member_name.cpp
Driver::OptimisticDefects: 2
Driver::SourceCode: 
struct Vec {
    int x;
};

int main() {
    Vec v;
    v. = 5;
    v-> = 6;
    return v.x;
}
Lexer::LexerOutput: 33 Tokens
Lexeme                    Token                 
------------------------------------------------
struct                    K_STRUCT              
Vec                       IDENTIFIER            
{                         LPAREN_CURLY          
int                       K_INT                 
x                         IDENTIFIER            
;                         SEMICOLON             
}                         RPAREN_CURLY          
;                         SEMICOLON             
int                       K_INT                 
main                      IDENTIFIER            
(                         LPAREN_ROUND          
)                         RPAREN_ROUND          
{                         LPAREN_CURLY          
Vec                       IDENTIFIER            
v                         IDENTIFIER            
;                         SEMICOLON             
v                         IDENTIFIER            
.                         OP_DOT                
=                         OP_ASSIGN             
5 (int)                   LITERAL_INTEGER       
;                         SEMICOLON             
v                         IDENTIFIER            
->                        OP_ARROW              
=                         OP_ASSIGN             
6 (int)                   LITERAL_INTEGER       
;                         SEMICOLON             
return                    K_RETURN              
v                         IDENTIFIER            
.                         OP_DOT                
x                         IDENTIFIER            
;                         SEMICOLON             
}                         RPAREN_CURLY          
                          EOF_TOKEN             

Lexer: Lexing stage completed

Parser::AST: 
Program(
    Struct(
        Identifier(Vec)
        StructBodyNode(
            DeclarationList(
                IsStatic: 0, IsConst: 0
                TypeSpecifierModifier: None
                Identifier(int)
                SingleDeclarationNode(
                    DeclarationIdentifier(
                        PointerCount: 0
                            Identifier(x)
                        ArraySizes: 
                    )
                    Initialization : nullptr
                )
            )
        )
    )
    Function(
        IsStatic: 0, IsConst: 0
        TypeSpecifierModifier: None
        FuncType: 
        DeclarationIdentifier(
            PointerCount: 0
                Identifier(main)
            ArraySizes: 
            FunctionParameters: 
                Args(
                )
        )
        ReturnType: 
        Identifier(int)
        FunctionBody:
        CompoundStatement(
            DeclarationList(
                IsStatic: 0, IsConst: 0
                TypeSpecifierModifier: None
                Identifier(Vec)
                SingleDeclarationNode(
                    DeclarationIdentifier(
                        PointerCount: 0
                            Identifier(v)
                        ArraySizes: 
                    )
                    Initialization : nullptr
                )
            )
            ExpressionStatement(
            )
            ExpressionStatement(
            )
            Return(
                CommaExpression(
                    MemberPostfixExpr(
                        PrimaryExpression(
                            Identifier(v)
                        )
                        Identifier(x)
                    )
                )
            )
        )
    )
)

custom_tests/parse/33_invalid_cascade_member_name.cpp:7:8: [38;2;255;0;0merror: [0mexpected identifier after '.' (PARSE)
	    v. = 5;
	       [38;2;255;0;0m^[0m
custom_tests/parse/33_invalid_cascade_member_name.cpp:8:9: [38;2;255;0;0merror: [0mexpected identifier after '->' (PARSE)
	    v-> = 6;
	        [38;2;255;0;0m^[0m
Compilation failed due to 2 error(s)
