Gctx::VerboseMode: 1
Gctx::BuildType: DEBUG
Gctx::UptoStage: PARSE
Gctx::SourceFile: custom_tests/parse/35_invalid_mixed_bank.cpp
Driver::OptimisticDefects: 4
Driver::SourceCode: 
typedef int Money;

struct Account {
    int id;
    Money balance;
};

Account open_account(int id) {
    Account acc;
    acc.id = id;
    acc..balance = 0;
    return acc
}

Money deposit(Account acc, Money amount) {
    acc.balance = acc.balance + amount;
    return acc.balance;
}

Money withdraw(Account acc, Money amount) {
    if (amount > acc.balance {
        amount = acc.balance;
    }
    amount->
    acc.balance = acc.balance - amount;
    return amount;
}

Money interest(Money value, int rate) {
    Money cut = (Money)(value);
    return (value > 50) ? cut * rate / 100 value;
}

int main() {
    Account a = open_account(1);
    Account b = open_account(2);
    deposit(a, 100);
    deposit(b, 50)
    Money gain = interest(5, 3);
    int total = a.balance + b.balance + gain;
    do
    return total;
}

struct Account {
    int extra;
};
Lexer::LexerOutput: 214 Tokens
Lexeme                    Token                 
------------------------------------------------
typedef                   K_TYPEDEF             
int                       K_INT                 
Money                     IDENTIFIER            
;                         SEMICOLON             
struct                    K_STRUCT              
Account                   IDENTIFIER            
{                         LPAREN_CURLY          
int                       K_INT                 
id                        IDENTIFIER            
;                         SEMICOLON             
Money                     IDENTIFIER            
balance                   IDENTIFIER            
;                         SEMICOLON             
}                         RPAREN_CURLY          
;                         SEMICOLON             
Account                   IDENTIFIER            
open_account              IDENTIFIER            
(                         LPAREN_ROUND          
int                       K_INT                 
id                        IDENTIFIER            
)                         RPAREN_ROUND          
{                         LPAREN_CURLY          
Account                   IDENTIFIER            
acc                       IDENTIFIER            
;                         SEMICOLON             
acc                       IDENTIFIER            
.                         OP_DOT                
id                        IDENTIFIER            
=                         OP_ASSIGN             
id                        IDENTIFIER            
;                         SEMICOLON             
acc                       IDENTIFIER            
.                         OP_DOT                
.                         OP_DOT                
balance                   IDENTIFIER            
=                         OP_ASSIGN             
0 (int)                   LITERAL_INTEGER       
;                         SEMICOLON             
return                    K_RETURN              
acc                       IDENTIFIER            
}                         RPAREN_CURLY          
Money                     IDENTIFIER            
deposit                   IDENTIFIER            
(                         LPAREN_ROUND          
Account                   IDENTIFIER            
acc                       IDENTIFIER            
,                         OP_COMMA              
Money                     IDENTIFIER            
amount                    IDENTIFIER            
)                         RPAREN_ROUND          
{                         LPAREN_CURLY          
acc                       IDENTIFIER            
.                         OP_DOT                
balance                   IDENTIFIER            
=                         OP_ASSIGN             
acc                       IDENTIFIER            
.                         OP_DOT                
balance                   IDENTIFIER            
+                         OP_PLUS               
amount                    IDENTIFIER            
;                         SEMICOLON             
return                    K_RETURN              
acc                       IDENTIFIER            
.                         OP_DOT                
balance                   IDENTIFIER            
;                         SEMICOLON             
}                         RPAREN_CURLY          
Money                     IDENTIFIER            
withdraw                  IDENTIFIER            
(                         LPAREN_ROUND          
Account                   IDENTIFIER            
acc                       IDENTIFIER            
,                         OP_COMMA              
Money                     IDENTIFIER            
amount                    IDENTIFIER            
)                         RPAREN_ROUND          
{                         LPAREN_CURLY          
if                        K_IF                  
(                         LPAREN_ROUND          
amount                    IDENTIFIER            
>                         OP_GT                 
acc                       IDENTIFIER            
.                         OP_DOT                
balance                   IDENTIFIER            
{                         LPAREN_CURLY          
amount                    IDENTIFIER            
=                         OP_ASSIGN             
acc                       IDENTIFIER            
.                         OP_DOT                
balance                   IDENTIFIER            
;                         SEMICOLON             
}                         RPAREN_CURLY          
amount                    IDENTIFIER            
->                        OP_ARROW              
acc                       IDENTIFIER            
.                         OP_DOT                
balance                   IDENTIFIER            
=                         OP_ASSIGN             
acc                       IDENTIFIER            
.                         OP_DOT                
balance                   IDENTIFIER            
-                         OP_UNARY_MINUS        
amount                    IDENTIFIER            
;                         SEMICOLON             
return                    K_RETURN              
amount                    IDENTIFIER            
;                         SEMICOLON             
}                         RPAREN_CURLY          
Money                     IDENTIFIER            
interest                  IDENTIFIER            
(                         LPAREN_ROUND          
Money                     IDENTIFIER            
value                     IDENTIFIER            
,                         OP_COMMA              
int                       K_INT                 
rate                      IDENTIFIER            
)                         RPAREN_ROUND          
{                         LPAREN_CURLY          
Money                     IDENTIFIER            
cut                       IDENTIFIER            
=                         OP_ASSIGN             
(                         LPAREN_ROUND          
Money                     IDENTIFIER            
)                         RPAREN_ROUND          
(                         LPAREN_ROUND          
value                     IDENTIFIER            
)                         RPAREN_ROUND          
;                         SEMICOLON             
return                    K_RETURN              
(                         LPAREN_ROUND          
value                     IDENTIFIER            
>                         OP_GT                 
50 (int)                  LITERAL_INTEGER       
)                         RPAREN_ROUND          
?                         OP_QUESTION           
cut                       IDENTIFIER            
*                         OP_MUL                
rate                      IDENTIFIER            
/                         OP_DIV                
100 (int)                 LITERAL_INTEGER       
value                     IDENTIFIER            
;                         SEMICOLON             
}                         RPAREN_CURLY          
int                       K_INT                 
main                      IDENTIFIER            
(                         LPAREN_ROUND          
)                         RPAREN_ROUND          
{                         LPAREN_CURLY          
Account                   IDENTIFIER            
a                         IDENTIFIER            
=                         OP_ASSIGN             
open_account              IDENTIFIER            
(                         LPAREN_ROUND          
1 (int)                   LITERAL_INTEGER       
)                         RPAREN_ROUND          
;                         SEMICOLON             
Account                   IDENTIFIER            
b                         IDENTIFIER            
=                         OP_ASSIGN             
open_account              IDENTIFIER            
(                         LPAREN_ROUND          
2 (int)                   LITERAL_INTEGER       
)                         RPAREN_ROUND          
;                         SEMICOLON             
deposit                   IDENTIFIER            
(                         LPAREN_ROUND          
a                         IDENTIFIER            
,                         OP_COMMA              
100 (int)                 LITERAL_INTEGER       
)                         RPAREN_ROUND          
;                         SEMICOLON             
deposit                   IDENTIFIER            
(                         LPAREN_ROUND          
b                         IDENTIFIER            
,                         OP_COMMA              
50 (int)                  LITERAL_INTEGER       
)                         RPAREN_ROUND          
Money                     IDENTIFIER            
gain                      IDENTIFIER            
=                         OP_ASSIGN             
interest                  IDENTIFIER            
(                         LPAREN_ROUND          
5 (int)                   LITERAL_INTEGER       
,                         OP_COMMA              
3 (int)                   LITERAL_INTEGER       
)                         RPAREN_ROUND          
;                         SEMICOLON             
int                       K_INT                 
total                     IDENTIFIER            
=                         OP_ASSIGN             
a                         IDENTIFIER            
.                         OP_DOT                
balance                   IDENTIFIER            
+                         OP_PLUS               
b                         IDENTIFIER            
.                         OP_DOT                
balance                   IDENTIFIER            
+                         OP_PLUS               
gain                      IDENTIFIER            
;                         SEMICOLON             
do                        K_DO                  
return                    K_RETURN              
total                     IDENTIFIER            
;                         SEMICOLON             
}                         RPAREN_CURLY          
struct                    K_STRUCT              
Account                   IDENTIFIER            
{                         LPAREN_CURLY          
int                       K_INT                 
extra                     IDENTIFIER            
;                         SEMICOLON             
}                         RPAREN_CURLY          
;                         SEMICOLON             
                          EOF_TOKEN             

Lexer: Lexing stage completed

Parser::AST: 
Program(
    Typedef(
        isConst = 0
        Identifier(int)
        DeclarationIdentifier(
            PointerCount: 0
                Identifier(Money)
            ArraySizes: 
        )
        Modifier: None
    )
    Struct(
        Identifier(Account)
        StructBodyNode(
            DeclarationList(
                IsStatic: 0, IsConst: 0
                TypeSpecifierModifier: None
                Identifier(int)
                SingleDeclarationNode(
                    DeclarationIdentifier(
                        PointerCount: 0
                            Identifier(id)
                        ArraySizes: 
                    )
                    Initialization : nullptr
                )
            )
            DeclarationList(
                IsStatic: 0, IsConst: 0
                TypeSpecifierModifier: None
                Identifier(Money)
                SingleDeclarationNode(
                    DeclarationIdentifier(
                        PointerCount: 0
                            Identifier(balance)
                        ArraySizes: 
                    )
                    Initialization : nullptr
                )
            )
        )
    )
    Function(
        IsStatic: 0, IsConst: 0
        TypeSpecifierModifier: None
        FuncType: 
        DeclarationIdentifier(
            PointerCount: 0
                Identifier(open_account)
            ArraySizes: 
            FunctionParameters: 
                Args(
                    FunctionParameter(
                        IsConst: 0
                        TypeSpecifierModifier: None
                        Identifier(int)
                        SingleDeclarationNode(
                            DeclarationIdentifier(
                                PointerCount: 0
                                    Identifier(id)
                                ArraySizes: 
                            )
                            Initialization : nullptr
                        )
                    )
                )
        )
        ReturnType: 
        Identifier(Account)
        FunctionBody:
        CompoundStatement(
            DeclarationList(
                IsStatic: 0, IsConst: 0
                TypeSpecifierModifier: None
                Identifier(Account)
                SingleDeclarationNode(
                    DeclarationIdentifier(
                        PointerCount: 0
                            Identifier(acc)
                        ArraySizes: 
                    )
                    Initialization : nullptr
                )
            )
            ExpressionStatement(
                CommaExpression(
                    BinaryExpression(
                        BinaryOp: OP_ASSIGN,
                        MemberPostfixExpr(
                            PrimaryExpression(
                                Identifier(acc)
                            )
                            Identifier(id)
                        )
                        PrimaryExpression(
                            Identifier(id)
                        )
                    )
                )
            )
            ExpressionStatement(
            )
            Return(
                CommaExpression(
                    PrimaryExpression(
                        Identifier(acc)
                    )
                )
            )
        )
    )
    Function(
        IsStatic: 0, IsConst: 0
        TypeSpecifierModifier: None
        FuncType: 
        DeclarationIdentifier(
            PointerCount: 0
                Identifier(deposit)
            ArraySizes: 
            FunctionParameters: 
                Args(
                    FunctionParameter(
                        IsConst: 0
                        TypeSpecifierModifier: None
                        Identifier(Account)
                        SingleDeclarationNode(
                            DeclarationIdentifier(
                                PointerCount: 0
                                    Identifier(acc)
                                ArraySizes: 
                            )
                            Initialization : nullptr
                        )
                    )
                    FunctionParameter(
                        IsConst: 0
                        TypeSpecifierModifier: None
                        Identifier(Money)
                        SingleDeclarationNode(
                            DeclarationIdentifier(
                                PointerCount: 0
                                    Identifier(amount)
                                ArraySizes: 
                            )
                            Initialization : nullptr
                        )
                    )
                )
        )
        ReturnType: 
        Identifier(Money)
        FunctionBody:
        CompoundStatement(
            ExpressionStatement(
                CommaExpression(
                    BinaryExpression(
                        BinaryOp: OP_ASSIGN,
                        MemberPostfixExpr(
                            PrimaryExpression(
                                Identifier(acc)
                            )
                            Identifier(balance)
                        )
                        BinaryExpression(
                            BinaryOp: OP_ADD,
                            MemberPostfixExpr(
                                PrimaryExpression(
                                    Identifier(acc)
                                )
                                Identifier(balance)
                            )
                            PrimaryExpression(
                                Identifier(amount)
                            )
                        )
                    )
                )
            )
            Return(
                CommaExpression(
                    MemberPostfixExpr(
                        PrimaryExpression(
                            Identifier(acc)
                        )
                        Identifier(balance)
                    )
                )
            )
        )
    )
    Function(
        IsStatic: 0, IsConst: 0
        TypeSpecifierModifier: None
        FuncType: 
        DeclarationIdentifier(
            PointerCount: 0
                Identifier(withdraw)
            ArraySizes: 
            FunctionParameters: 
                Args(
                    FunctionParameter(
                        IsConst: 0
                        TypeSpecifierModifier: None
                        Identifier(Account)
                        SingleDeclarationNode(
                            DeclarationIdentifier(
                                PointerCount: 0
                                    Identifier(acc)
                                ArraySizes: 
                            )
                            Initialization : nullptr
                        )
                    )
                    FunctionParameter(
                        IsConst: 0
                        TypeSpecifierModifier: None
                        Identifier(Money)
                        SingleDeclarationNode(
                            DeclarationIdentifier(
                                PointerCount: 0
                                    Identifier(amount)
                                ArraySizes: 
                            )
                            Initialization : nullptr
                        )
                    )
                )
        )
        ReturnType: 
        Identifier(Money)
        FunctionBody:
        CompoundStatement(
            If Super Block(
                If(
                    CommaExpression(
                        BinaryExpression(
                            BinaryOp: OP_GT,
                            PrimaryExpression(
                                Identifier(amount)
                            )
                            MemberPostfixExpr(
                                PrimaryExpression(
                                    Identifier(acc)
                                )
                                Identifier(balance)
                            )
                        )
                    )
                    CompoundStatement(
                        ExpressionStatement(
                            CommaExpression(
                                BinaryExpression(
                                    BinaryOp: OP_ASSIGN,
                                    PrimaryExpression(
                                        Identifier(amount)
                                    )
                                    MemberPostfixExpr(
                                        PrimaryExpression(
                                            Identifier(acc)
                                        )
                                        Identifier(balance)
                                    )
                                )
                            )
                        )
                    )
                )
            )
            ExpressionStatement(
                CommaExpression(
                    BinaryExpression(
                        BinaryOp: OP_ASSIGN,
                        MemberPostfixExpr(
                            ArrowPostfixExpr(
                                PrimaryExpression(
                                    Identifier(amount)
                                )
                                Identifier(acc)
                            )
                            Identifier(balance)
                        )
                        BinaryExpression(
                            BinaryOp: OP_SUB,
                            MemberPostfixExpr(
                                PrimaryExpression(
                                    Identifier(acc)
                                )
                                Identifier(balance)
                            )
                            PrimaryExpression(
                                Identifier(amount)
                            )
                        )
                    )
                )
            )
            Return(
                CommaExpression(
                    PrimaryExpression(
                        Identifier(amount)
                    )
                )
            )
        )
    )
    Function(
        IsStatic: 0, IsConst: 0
        TypeSpecifierModifier: None
        FuncType: 
        DeclarationIdentifier(
            PointerCount: 0
                Identifier(interest)
            ArraySizes: 
            FunctionParameters: 
                Args(
                    FunctionParameter(
                        IsConst: 0
                        TypeSpecifierModifier: None
                        Identifier(Money)
                        SingleDeclarationNode(
                            DeclarationIdentifier(
                                PointerCount: 0
                                    Identifier(value)
                                ArraySizes: 
                            )
                            Initialization : nullptr
                        )
                    )
                    FunctionParameter(
                        IsConst: 0
                        TypeSpecifierModifier: None
                        Identifier(int)
                        SingleDeclarationNode(
                            DeclarationIdentifier(
                                PointerCount: 0
                                    Identifier(rate)
                                ArraySizes: 
                            )
                            Initialization : nullptr
                        )
                    )
                )
        )
        ReturnType: 
        Identifier(Money)
        FunctionBody:
        CompoundStatement(
            DeclarationList(
                IsStatic: 0, IsConst: 0
                TypeSpecifierModifier: None
                Identifier(Money)
                SingleDeclarationNode(
                    DeclarationIdentifier(
                        PointerCount: 0
                            Identifier(cut)
                        ArraySizes: 
                    )
                    InitializerNode(
                        Expressions: 1
                        CastFactor(
                            TypeNode(
                                isConst: 0
                                TypeSpecifierModifier: None
                                Identifier(Money)
                            )
                            DeclarationIdentifier(
                                PointerCount: 0
                                    Variable: nullptr
                                ArraySizes: 
                            )
                            CommaExpression(
                                PrimaryExpression(
                                    Identifier(value)
                                )
                            )
                        )
                    )
                )
            )
            Return(
                CommaExpression(
                    TernaryOpNode(
                        CommaExpression(
                            BinaryExpression(
                                BinaryOp: OP_GT,
                                PrimaryExpression(
                                    Identifier(value)
                                )
                                PrimaryExpression(
                                    Constant(50)
                                )
                            )
                        )
                        BinaryExpression(
                            BinaryOp: OP_DIV,
                            BinaryExpression(
                                BinaryOp: OP_MUL,
                                PrimaryExpression(
                                    Identifier(cut)
                                )
                                PrimaryExpression(
                                    Identifier(rate)
                                )
                            )
                            PrimaryExpression(
                                Constant(100)
                            )
                        )
                        PrimaryExpression(
                            Identifier(value)
                        )
                    )
                )
            )
        )
    )
    Function(
        IsStatic: 0, IsConst: 0
        TypeSpecifierModifier: None
        FuncType: 
        DeclarationIdentifier(
            PointerCount: 0
                Identifier(main)
            ArraySizes: 
            FunctionParameters: 
                Args(
                )
        )
        ReturnType: 
        Identifier(int)
        FunctionBody:
        CompoundStatement(
            DeclarationList(
                IsStatic: 0, IsConst: 0
                TypeSpecifierModifier: None
                Identifier(Account)
                SingleDeclarationNode(
                    DeclarationIdentifier(
                        PointerCount: 0
                            Identifier(a)
                        ArraySizes: 
                    )
                    InitializerNode(
                        Expressions: 1
                        FunctionCallPostfixExpr(
                            PrimaryExpression(
                                Identifier(open_account)
                            )
                            CommaExpression(
                                PrimaryExpression(
                                    Constant(1)
                                )
                            )
                        )
                    )
                )
            )
            DeclarationList(
                IsStatic: 0, IsConst: 0
                TypeSpecifierModifier: None
                Identifier(Account)
                SingleDeclarationNode(
                    DeclarationIdentifier(
                        PointerCount: 0
                            Identifier(b)
                        ArraySizes: 
                    )
                    InitializerNode(
                        Expressions: 1
                        FunctionCallPostfixExpr(
                            PrimaryExpression(
                                Identifier(open_account)
                            )
                            CommaExpression(
                                PrimaryExpression(
                                    Constant(2)
                                )
                            )
                        )
                    )
                )
            )
            ExpressionStatement(
                CommaExpression(
                    FunctionCallPostfixExpr(
                        PrimaryExpression(
                            Identifier(deposit)
                        )
                        CommaExpression(
                            PrimaryExpression(
                                Identifier(a)
                            )
                            PrimaryExpression(
                                Constant(100)
                            )
                        )
                    )
                )
            )
            ExpressionStatement(
                CommaExpression(
                    FunctionCallPostfixExpr(
                        PrimaryExpression(
                            Identifier(deposit)
                        )
                        CommaExpression(
                            PrimaryExpression(
                                Identifier(b)
                            )
                            PrimaryExpression(
                                Constant(50)
                            )
                        )
                    )
                )
            )
            DeclarationList(
                IsStatic: 0, IsConst: 0
                TypeSpecifierModifier: None
                Identifier(int)
                SingleDeclarationNode(
                    DeclarationIdentifier(
                        PointerCount: 0
                            Identifier(total)
                        ArraySizes: 
                    )
                    InitializerNode(
                        Expressions: 1
                        BinaryExpression(
                            BinaryOp: OP_ADD,
                            BinaryExpression(
                                BinaryOp: OP_ADD,
                                MemberPostfixExpr(
                                    PrimaryExpression(
                                        Identifier(a)
                                    )
                                    Identifier(balance)
                                )
                                MemberPostfixExpr(
                                    PrimaryExpression(
                                        Identifier(b)
                                    )
                                    Identifier(balance)
                                )
                            )
                            PrimaryExpression(
                                Identifier(gain)
                            )
                        )
                    )
                )
            )
            Do While(
                Return(
                    CommaExpression(
                        PrimaryExpression(
                            Identifier(total)
                        )
                    )
                )
                Cond: nullptr
            )
        )
    )
    Struct(
        Identifier(Account)
        StructBodyNode(
            DeclarationList(
                IsStatic: 0, IsConst: 0
                TypeSpecifierModifier: None
                Identifier(int)
                SingleDeclarationNode(
                    DeclarationIdentifier(
                        PointerCount: 0
                            Identifier(extra)
                        ArraySizes: 
                    )
                    Initialization : nullptr
                )
            )
        )
    )
)

custom_tests/parse/35_invalid_mixed_bank.cpp:11:9: [38;2;255;0;0merror: [0mexpected identifier after '.' (PARSE)
	    acc..balance = 0;
	        [38;2;255;0;0m^[0m
custom_tests/parse/35_invalid_mixed_bank.cpp:12:12: [38;2;255;0;0merror: [0mexpected ';' after return statement (PARSE)
	    return acc
	              [38;2;255;0;0m^[0m
custom_tests/parse/35_invalid_mixed_bank.cpp:21:30: [38;2;255;0;0merror: [0mexpected ')' (PARSE)
	    if (amount > acc.balance {
	                             [38;2;255;0;0m^[0m
custom_tests/parse/35_invalid_mixed_bank.cpp:31:44: [38;2;255;0;0merror: [0mexpected ':' in ternary expression (PARSE)
	    return (value > 50) ? cut * rate / 100 value;
	                                           [38;2;255;0;0m^[0m
custom_tests/parse/35_invalid_mixed_bank.cpp:38:18: [38;2;255;0;0merror: [0mexpected ';' after expression (PARSE)
	    deposit(b, 50)
	                  [38;2;255;0;0m^[0m
custom_tests/parse/35_invalid_mixed_bank.cpp:43:1: [38;2;255;0;0merror: [0mexpected 'while' after 'do' body (PARSE)
	}
	[38;2;255;0;0m^[0m
custom_tests/parse/35_invalid_mixed_bank.cpp:45:16: [38;2;255;0;0merror: [0mredefinition of struct (PARSE)
	struct Account {
	               [38;2;255;0;0m^[0m
Compilation failed due to 7 error(s)
