Gctx::VerboseMode: 1
Gctx::BuildType: DEBUG
Gctx::UptoStage: PARSE
Gctx::SourceFile: custom_tests/parse/38_invalid_mixed_mathlib_sub.cpp
Driver::OptimisticDefects: 4
Driver::SourceCode: 
int abs(int x) {
    if (x < 0 {
        return -x;
    }
    return (x > 0) ? x x;
}

int pow2(int base, int exp) {
    int result = 1;
    while (exp > 0; power) {
        result = result * base;
        exp = exp - 1
    }
    return result;
}

int is_prime(int n) {
    int d = 2;
    while (d * d <= n; sieve) {
        if (n % d == 0 {
            return 0;
        }
        d = d + 1;
    }
    return 1;
}

int nth_fib(int n) {
    int a = 0;
    int b = 1;
    int t = a.;
    for (int i = 0; i < n; i = i + 1; fibbing) {
        b = a + t;
    }
    return a;
}

int sqrtish(int n) {
    int approx = 0;
    do {
        approx = approx + 1
    } while (approx * approx < n; guess)
    return approx;
}

struct Span {
    int hi;
};

struct Span {
    int hi;
};

int main() {
    int (*fn)(int a, int b) = 0;
    int a = abs(-4);
    int b = pow2(2, 5);
    int c = is_prime(17);
    int d = nth_fib(8);
    int q = (int)(a);
    int s = sqrtish(50);
    int arr[
    return a + b + c + d + q + s;
}
Lexer::LexerOutput: 310 Tokens
Lexeme                    Token                 
------------------------------------------------
int                       K_INT                 
abs                       IDENTIFIER            
(                         LPAREN_ROUND          
int                       K_INT                 
x                         IDENTIFIER            
)                         RPAREN_ROUND          
{                         LPAREN_CURLY          
if                        K_IF                  
(                         LPAREN_ROUND          
x                         IDENTIFIER            
<                         OP_LT                 
0 (int)                   LITERAL_INTEGER       
{                         LPAREN_CURLY          
return                    K_RETURN              
-                         OP_UNARY_MINUS        
x                         IDENTIFIER            
;                         SEMICOLON             
}                         RPAREN_CURLY          
return                    K_RETURN              
(                         LPAREN_ROUND          
x                         IDENTIFIER            
>                         OP_GT                 
0 (int)                   LITERAL_INTEGER       
)                         RPAREN_ROUND          
?                         OP_QUESTION           
x                         IDENTIFIER            
x                         IDENTIFIER            
;                         SEMICOLON             
}                         RPAREN_CURLY          
int                       K_INT                 
pow2                      IDENTIFIER            
(                         LPAREN_ROUND          
int                       K_INT                 
base                      IDENTIFIER            
,                         OP_COMMA              
int                       K_INT                 
exp                       IDENTIFIER            
)                         RPAREN_ROUND          
{                         LPAREN_CURLY          
int                       K_INT                 
result                    IDENTIFIER            
=                         OP_ASSIGN             
1 (int)                   LITERAL_INTEGER       
;                         SEMICOLON             
while                     K_WHILE               
(                         LPAREN_ROUND          
exp                       IDENTIFIER            
>                         OP_GT                 
0 (int)                   LITERAL_INTEGER       
;                         SEMICOLON             
power                     IDENTIFIER            
)                         RPAREN_ROUND          
{                         LPAREN_CURLY          
result                    IDENTIFIER            
=                         OP_ASSIGN             
result                    IDENTIFIER            
*                         OP_MUL                
base                      IDENTIFIER            
;                         SEMICOLON             
exp                       IDENTIFIER            
=                         OP_ASSIGN             
exp                       IDENTIFIER            
-                         OP_UNARY_MINUS        
1 (int)                   LITERAL_INTEGER       
}                         RPAREN_CURLY          
return                    K_RETURN              
result                    IDENTIFIER            
;                         SEMICOLON             
}                         RPAREN_CURLY          
int                       K_INT                 
is_prime                  IDENTIFIER            
(                         LPAREN_ROUND          
int                       K_INT                 
n                         IDENTIFIER            
)                         RPAREN_ROUND          
{                         LPAREN_CURLY          
int                       K_INT                 
d                         IDENTIFIER            
=                         OP_ASSIGN             
2 (int)                   LITERAL_INTEGER       
;                         SEMICOLON             
while                     K_WHILE               
(                         LPAREN_ROUND          
d                         IDENTIFIER            
*                         OP_MUL                
d                         IDENTIFIER            
<=                        OP_LE                 
n                         IDENTIFIER            
;                         SEMICOLON             
sieve                     IDENTIFIER            
)                         RPAREN_ROUND          
{                         LPAREN_CURLY          
if                        K_IF                  
(                         LPAREN_ROUND          
n                         IDENTIFIER            
%                         OP_MOD                
d                         IDENTIFIER            
==                        OP_EQ                 
0 (int)                   LITERAL_INTEGER       
{                         LPAREN_CURLY          
return                    K_RETURN              
0 (int)                   LITERAL_INTEGER       
;                         SEMICOLON             
}                         RPAREN_CURLY          
d                         IDENTIFIER            
=                         OP_ASSIGN             
d                         IDENTIFIER            
+                         OP_PLUS               
1 (int)                   LITERAL_INTEGER       
;                         SEMICOLON             
}                         RPAREN_CURLY          
return                    K_RETURN              
1 (int)                   LITERAL_INTEGER       
;                         SEMICOLON             
}                         RPAREN_CURLY          
int                       K_INT                 
nth_fib                   IDENTIFIER            
(                         LPAREN_ROUND          
int                       K_INT                 
n                         IDENTIFIER            
)                         RPAREN_ROUND          
{                         LPAREN_CURLY          
int                       K_INT                 
a                         IDENTIFIER            
=                         OP_ASSIGN             
0 (int)                   LITERAL_INTEGER       
;                         SEMICOLON             
int                       K_INT                 
b                         IDENTIFIER            
=                         OP_ASSIGN             
1 (int)                   LITERAL_INTEGER       
;                         SEMICOLON             
int                       K_INT                 
t                         IDENTIFIER            
=                         OP_ASSIGN             
a                         IDENTIFIER            
.                         OP_DOT                
;                         SEMICOLON             
for                       K_FOR                 
(                         LPAREN_ROUND          
int                       K_INT                 
i                         IDENTIFIER            
=                         OP_ASSIGN             
0 (int)                   LITERAL_INTEGER       
;                         SEMICOLON             
i                         IDENTIFIER            
<                         OP_LT                 
n                         IDENTIFIER            
;                         SEMICOLON             
i                         IDENTIFIER            
=                         OP_ASSIGN             
i                         IDENTIFIER            
+                         OP_PLUS               
1 (int)                   LITERAL_INTEGER       
;                         SEMICOLON             
fibbing                   IDENTIFIER            
)                         RPAREN_ROUND          
{                         LPAREN_CURLY          
b                         IDENTIFIER            
=                         OP_ASSIGN             
a                         IDENTIFIER            
+                         OP_PLUS               
t                         IDENTIFIER            
;                         SEMICOLON             
}                         RPAREN_CURLY          
return                    K_RETURN              
a                         IDENTIFIER            
;                         SEMICOLON             
}                         RPAREN_CURLY          
int                       K_INT                 
sqrtish                   IDENTIFIER            
(                         LPAREN_ROUND          
int                       K_INT                 
n                         IDENTIFIER            
)                         RPAREN_ROUND          
{                         LPAREN_CURLY          
int                       K_INT                 
approx                    IDENTIFIER            
=                         OP_ASSIGN             
0 (int)                   LITERAL_INTEGER       
;                         SEMICOLON             
do                        K_DO                  
{                         LPAREN_CURLY          
approx                    IDENTIFIER            
=                         OP_ASSIGN             
approx                    IDENTIFIER            
+                         OP_PLUS               
1 (int)                   LITERAL_INTEGER       
}                         RPAREN_CURLY          
while                     K_WHILE               
(                         LPAREN_ROUND          
approx                    IDENTIFIER            
*                         OP_MUL                
approx                    IDENTIFIER            
<                         OP_LT                 
n                         IDENTIFIER            
;                         SEMICOLON             
guess                     IDENTIFIER            
)                         RPAREN_ROUND          
return                    K_RETURN              
approx                    IDENTIFIER            
;                         SEMICOLON             
}                         RPAREN_CURLY          
struct                    K_STRUCT              
Span                      IDENTIFIER            
{                         LPAREN_CURLY          
int                       K_INT                 
hi                        IDENTIFIER            
;                         SEMICOLON             
}                         RPAREN_CURLY          
;                         SEMICOLON             
struct                    K_STRUCT              
Span                      IDENTIFIER            
{                         LPAREN_CURLY          
int                       K_INT                 
hi                        IDENTIFIER            
;                         SEMICOLON             
}                         RPAREN_CURLY          
;                         SEMICOLON             
int                       K_INT                 
main                      IDENTIFIER            
(                         LPAREN_ROUND          
)                         RPAREN_ROUND          
{                         LPAREN_CURLY          
int                       K_INT                 
(                         LPAREN_ROUND          
*                         OP_MUL                
fn                        IDENTIFIER            
)                         RPAREN_ROUND          
(                         LPAREN_ROUND          
int                       K_INT                 
a                         IDENTIFIER            
,                         OP_COMMA              
int                       K_INT                 
b                         IDENTIFIER            
)                         RPAREN_ROUND          
=                         OP_ASSIGN             
0 (int)                   LITERAL_INTEGER       
;                         SEMICOLON             
int                       K_INT                 
a                         IDENTIFIER            
=                         OP_ASSIGN             
abs                       IDENTIFIER            
(                         LPAREN_ROUND          
-                         OP_UNARY_MINUS        
4 (int)                   LITERAL_INTEGER       
)                         RPAREN_ROUND          
;                         SEMICOLON             
int                       K_INT                 
b                         IDENTIFIER            
=                         OP_ASSIGN             
pow2                      IDENTIFIER            
(                         LPAREN_ROUND          
2 (int)                   LITERAL_INTEGER       
,                         OP_COMMA              
5 (int)                   LITERAL_INTEGER       
)                         RPAREN_ROUND          
;                         SEMICOLON             
int                       K_INT                 
c                         IDENTIFIER            
=                         OP_ASSIGN             
is_prime                  IDENTIFIER            
(                         LPAREN_ROUND          
17 (int)                  LITERAL_INTEGER       
)                         RPAREN_ROUND          
;                         SEMICOLON             
int                       K_INT                 
d                         IDENTIFIER            
=                         OP_ASSIGN             
nth_fib                   IDENTIFIER            
(                         LPAREN_ROUND          
8 (int)                   LITERAL_INTEGER       
)                         RPAREN_ROUND          
;                         SEMICOLON             
int                       K_INT                 
q                         IDENTIFIER            
=                         OP_ASSIGN             
(                         LPAREN_ROUND          
int                       K_INT                 
)                         RPAREN_ROUND          
(                         LPAREN_ROUND          
a                         IDENTIFIER            
)                         RPAREN_ROUND          
;                         SEMICOLON             
int                       K_INT                 
s                         IDENTIFIER            
=                         OP_ASSIGN             
sqrtish                   IDENTIFIER            
(                         LPAREN_ROUND          
50 (int)                  LITERAL_INTEGER       
)                         RPAREN_ROUND          
;                         SEMICOLON             
int                       K_INT                 
arr                       IDENTIFIER            
[                         LPAREN_SQUARE         
return                    K_RETURN              
a                         IDENTIFIER            
+                         OP_PLUS               
b                         IDENTIFIER            
+                         OP_PLUS               
c                         IDENTIFIER            
+                         OP_PLUS               
d                         IDENTIFIER            
+                         OP_PLUS               
q                         IDENTIFIER            
+                         OP_PLUS               
s                         IDENTIFIER            
;                         SEMICOLON             
}                         RPAREN_CURLY          
                          EOF_TOKEN             

Lexer: Lexing stage completed

Parser::AST: 
Program(
    Function(
        IsStatic: 0, IsConst: 0
        TypeSpecifierModifier: None
        FuncType: 
        DeclarationIdentifier(
            PointerCount: 0
                Identifier(abs)
            ArraySizes: 
            FunctionParameters: 
                Args(
                    FunctionParameter(
                        IsConst: 0
                        TypeSpecifierModifier: None
                        Identifier(int)
                        SingleDeclarationNode(
                            DeclarationIdentifier(
                                PointerCount: 0
                                    Identifier(x)
                                ArraySizes: 
                            )
                            Initialization : nullptr
                        )
                    )
                )
        )
        ReturnType: 
        Identifier(int)
        FunctionBody:
        CompoundStatement(
            If Super Block(
                If(
                    CommaExpression(
                        BinaryExpression(
                            BinaryOp: OP_LT,
                            PrimaryExpression(
                                Identifier(x)
                            )
                            PrimaryExpression(
                                Constant(0)
                            )
                        )
                    )
                    CompoundStatement(
                        Return(
                            CommaExpression(
                                Factor(
                                    UnaryOp: OP_UNARY_MINUS,
                                    PrimaryExpression(
                                        Identifier(x)
                                    )
                                )
                            )
                        )
                    )
                )
            )
            Return(
                CommaExpression(
                    TernaryOpNode(
                        CommaExpression(
                            BinaryExpression(
                                BinaryOp: OP_GT,
                                PrimaryExpression(
                                    Identifier(x)
                                )
                                PrimaryExpression(
                                    Constant(0)
                                )
                            )
                        )
                        PrimaryExpression(
                            Identifier(x)
                        )
                        PrimaryExpression(
                            Identifier(x)
                        )
                    )
                )
            )
        )
    )
    Function(
        IsStatic: 0, IsConst: 0
        TypeSpecifierModifier: None
        FuncType: 
        DeclarationIdentifier(
            PointerCount: 0
                Identifier(pow2)
            ArraySizes: 
            FunctionParameters: 
                Args(
                    FunctionParameter(
                        IsConst: 0
                        TypeSpecifierModifier: None
                        Identifier(int)
                        SingleDeclarationNode(
                            DeclarationIdentifier(
                                PointerCount: 0
                                    Identifier(base)
                                ArraySizes: 
                            )
                            Initialization : nullptr
                        )
                    )
                    FunctionParameter(
                        IsConst: 0
                        TypeSpecifierModifier: None
                        Identifier(int)
                        SingleDeclarationNode(
                            DeclarationIdentifier(
                                PointerCount: 0
                                    Identifier(exp)
                                ArraySizes: 
                            )
                            Initialization : nullptr
                        )
                    )
                )
        )
        ReturnType: 
        Identifier(int)
        FunctionBody:
        CompoundStatement(
            DeclarationList(
                IsStatic: 0, IsConst: 0
                TypeSpecifierModifier: None
                Identifier(int)
                SingleDeclarationNode(
                    DeclarationIdentifier(
                        PointerCount: 0
                            Identifier(result)
                        ArraySizes: 
                    )
                    InitializerNode(
                        Expressions: 1
                        PrimaryExpression(
                            Constant(1)
                        )
                    )
                )
            )
            While(
                CommaExpression(
                    BinaryExpression(
                        BinaryOp: OP_GT,
                        PrimaryExpression(
                            Identifier(exp)
                        )
                        PrimaryExpression(
                            Constant(0)
                        )
                    )
                )
            ;
                Identifier(power)
                CompoundStatement(
                    ExpressionStatement(
                        CommaExpression(
                            BinaryExpression(
                                BinaryOp: OP_ASSIGN,
                                PrimaryExpression(
                                    Identifier(result)
                                )
                                BinaryExpression(
                                    BinaryOp: OP_MUL,
                                    PrimaryExpression(
                                        Identifier(result)
                                    )
                                    PrimaryExpression(
                                        Identifier(base)
                                    )
                                )
                            )
                        )
                    )
                    ExpressionStatement(
                        CommaExpression(
                            BinaryExpression(
                                BinaryOp: OP_ASSIGN,
                                PrimaryExpression(
                                    Identifier(exp)
                                )
                                BinaryExpression(
                                    BinaryOp: OP_SUB,
                                    PrimaryExpression(
                                        Identifier(exp)
                                    )
                                    PrimaryExpression(
                                        Constant(1)
                                    )
                                )
                            )
                        )
                    )
                )
            )
            Return(
                CommaExpression(
                    PrimaryExpression(
                        Identifier(result)
                    )
                )
            )
        )
    )
    Function(
        IsStatic: 0, IsConst: 0
        TypeSpecifierModifier: None
        FuncType: 
        DeclarationIdentifier(
            PointerCount: 0
                Identifier(is_prime)
            ArraySizes: 
            FunctionParameters: 
                Args(
                    FunctionParameter(
                        IsConst: 0
                        TypeSpecifierModifier: None
                        Identifier(int)
                        SingleDeclarationNode(
                            DeclarationIdentifier(
                                PointerCount: 0
                                    Identifier(n)
                                ArraySizes: 
                            )
                            Initialization : nullptr
                        )
                    )
                )
        )
        ReturnType: 
        Identifier(int)
        FunctionBody:
        CompoundStatement(
            DeclarationList(
                IsStatic: 0, IsConst: 0
                TypeSpecifierModifier: None
                Identifier(int)
                SingleDeclarationNode(
                    DeclarationIdentifier(
                        PointerCount: 0
                            Identifier(d)
                        ArraySizes: 
                    )
                    InitializerNode(
                        Expressions: 1
                        PrimaryExpression(
                            Constant(2)
                        )
                    )
                )
            )
            While(
                CommaExpression(
                    BinaryExpression(
                        BinaryOp: OP_LE,
                        BinaryExpression(
                            BinaryOp: OP_MUL,
                            PrimaryExpression(
                                Identifier(d)
                            )
                            PrimaryExpression(
                                Identifier(d)
                            )
                        )
                        PrimaryExpression(
                            Identifier(n)
                        )
                    )
                )
            ;
                Identifier(sieve)
                CompoundStatement(
                    If Super Block(
                        If(
                            CommaExpression(
                                BinaryExpression(
                                    BinaryOp: OP_EQ,
                                    BinaryExpression(
                                        BinaryOp: OP_MOD,
                                        PrimaryExpression(
                                            Identifier(n)
                                        )
                                        PrimaryExpression(
                                            Identifier(d)
                                        )
                                    )
                                    PrimaryExpression(
                                        Constant(0)
                                    )
                                )
                            )
                            CompoundStatement(
                                Return(
                                    CommaExpression(
                                        PrimaryExpression(
                                            Constant(0)
                                        )
                                    )
                                )
                            )
                        )
                    )
                    ExpressionStatement(
                        CommaExpression(
                            BinaryExpression(
                                BinaryOp: OP_ASSIGN,
                                PrimaryExpression(
                                    Identifier(d)
                                )
                                BinaryExpression(
                                    BinaryOp: OP_ADD,
                                    PrimaryExpression(
                                        Identifier(d)
                                    )
                                    PrimaryExpression(
                                        Constant(1)
                                    )
                                )
                            )
                        )
                    )
                )
            )
            Return(
                CommaExpression(
                    PrimaryExpression(
                        Constant(1)
                    )
                )
            )
        )
    )
    Function(
        IsStatic: 0, IsConst: 0
        TypeSpecifierModifier: None
        FuncType: 
        DeclarationIdentifier(
            PointerCount: 0
                Identifier(nth_fib)
            ArraySizes: 
            FunctionParameters: 
                Args(
                    FunctionParameter(
                        IsConst: 0
                        TypeSpecifierModifier: None
                        Identifier(int)
                        SingleDeclarationNode(
                            DeclarationIdentifier(
                                PointerCount: 0
                                    Identifier(n)
                                ArraySizes: 
                            )
                            Initialization : nullptr
                        )
                    )
                )
        )
        ReturnType: 
        Identifier(int)
        FunctionBody:
        CompoundStatement(
            DeclarationList(
                IsStatic: 0, IsConst: 0
                TypeSpecifierModifier: None
                Identifier(int)
                SingleDeclarationNode(
                    DeclarationIdentifier(
                        PointerCount: 0
                            Identifier(a)
                        ArraySizes: 
                    )
                    InitializerNode(
                        Expressions: 1
                        PrimaryExpression(
                            Constant(0)
                        )
                    )
                )
            )
            DeclarationList(
                IsStatic: 0, IsConst: 0
                TypeSpecifierModifier: None
                Identifier(int)
                SingleDeclarationNode(
                    DeclarationIdentifier(
                        PointerCount: 0
                            Identifier(b)
                        ArraySizes: 
                    )
                    InitializerNode(
                        Expressions: 1
                        PrimaryExpression(
                            Constant(1)
                        )
                    )
                )
            )
            DeclarationList(
                IsStatic: 0, IsConst: 0
                TypeSpecifierModifier: None
                Identifier(int)
                SingleDeclarationNode(
                    DeclarationIdentifier(
                        PointerCount: 0
                            Identifier(t)
                        ArraySizes: 
                    )
                    InitializerNode(
                        Expressions: 0
                    )
                )
            )
            For(
                DeclarationList(
                    IsStatic: 0, IsConst: 0
                    TypeSpecifierModifier: None
                    Identifier(int)
                    SingleDeclarationNode(
                        DeclarationIdentifier(
                            PointerCount: 0
                                Identifier(i)
                            ArraySizes: 
                        )
                        InitializerNode(
                            Expressions: 1
                            PrimaryExpression(
                                Constant(0)
                            )
                        )
                    )
                )
                CommaExpression(
                    BinaryExpression(
                        BinaryOp: OP_LT,
                        PrimaryExpression(
                            Identifier(i)
                        )
                        PrimaryExpression(
                            Identifier(n)
                        )
                    )
                )
                CommaExpression(
                    BinaryExpression(
                        BinaryOp: OP_ASSIGN,
                        PrimaryExpression(
                            Identifier(i)
                        )
                        BinaryExpression(
                            BinaryOp: OP_ADD,
                            PrimaryExpression(
                                Identifier(i)
                            )
                            PrimaryExpression(
                                Constant(1)
                            )
                        )
                    )
                )
                Identifier(fibbing)
                CompoundStatement(
                    ExpressionStatement(
                        CommaExpression(
                            BinaryExpression(
                                BinaryOp: OP_ASSIGN,
                                PrimaryExpression(
                                    Identifier(b)
                                )
                                BinaryExpression(
                                    BinaryOp: OP_ADD,
                                    PrimaryExpression(
                                        Identifier(a)
                                    )
                                    PrimaryExpression(
                                        Identifier(t)
                                    )
                                )
                            )
                        )
                    )
                )
            )
            Return(
                CommaExpression(
                    PrimaryExpression(
                        Identifier(a)
                    )
                )
            )
        )
    )
    Function(
        IsStatic: 0, IsConst: 0
        TypeSpecifierModifier: None
        FuncType: 
        DeclarationIdentifier(
            PointerCount: 0
                Identifier(sqrtish)
            ArraySizes: 
            FunctionParameters: 
                Args(
                    FunctionParameter(
                        IsConst: 0
                        TypeSpecifierModifier: None
                        Identifier(int)
                        SingleDeclarationNode(
                            DeclarationIdentifier(
                                PointerCount: 0
                                    Identifier(n)
                                ArraySizes: 
                            )
                            Initialization : nullptr
                        )
                    )
                )
        )
        ReturnType: 
        Identifier(int)
        FunctionBody:
        CompoundStatement(
            DeclarationList(
                IsStatic: 0, IsConst: 0
                TypeSpecifierModifier: None
                Identifier(int)
                SingleDeclarationNode(
                    DeclarationIdentifier(
                        PointerCount: 0
                            Identifier(approx)
                        ArraySizes: 
                    )
                    InitializerNode(
                        Expressions: 1
                        PrimaryExpression(
                            Constant(0)
                        )
                    )
                )
            )
            Do While(
                CompoundStatement(
                    ExpressionStatement(
                        CommaExpression(
                            BinaryExpression(
                                BinaryOp: OP_ASSIGN,
                                PrimaryExpression(
                                    Identifier(approx)
                                )
                                BinaryExpression(
                                    BinaryOp: OP_ADD,
                                    PrimaryExpression(
                                        Identifier(approx)
                                    )
                                    PrimaryExpression(
                                        Constant(1)
                                    )
                                )
                            )
                        )
                    )
                )
                CommaExpression(
                    BinaryExpression(
                        BinaryOp: OP_LT,
                        BinaryExpression(
                            BinaryOp: OP_MUL,
                            PrimaryExpression(
                                Identifier(approx)
                            )
                            PrimaryExpression(
                                Identifier(approx)
                            )
                        )
                        PrimaryExpression(
                            Identifier(n)
                        )
                    )
                )
            ;
                Identifier(guess)
            )
            Return(
                CommaExpression(
                    PrimaryExpression(
                        Identifier(approx)
                    )
                )
            )
        )
    )
    Struct(
        Identifier(Span)
        StructBodyNode(
            DeclarationList(
                IsStatic: 0, IsConst: 0
                TypeSpecifierModifier: None
                Identifier(int)
                SingleDeclarationNode(
                    DeclarationIdentifier(
                        PointerCount: 0
                            Identifier(hi)
                        ArraySizes: 
                    )
                    Initialization : nullptr
                )
            )
        )
    )
    Struct(
        Identifier(Span)
        StructBodyNode(
            DeclarationList(
                IsStatic: 0, IsConst: 0
                TypeSpecifierModifier: None
                Identifier(int)
                SingleDeclarationNode(
                    DeclarationIdentifier(
                        PointerCount: 0
                            Identifier(hi)
                        ArraySizes: 
                    )
                    Initialization : nullptr
                )
            )
        )
    )
    Function(
        IsStatic: 0, IsConst: 0
        TypeSpecifierModifier: None
        FuncType: 
        DeclarationIdentifier(
            PointerCount: 0
                Identifier(main)
            ArraySizes: 
            FunctionParameters: 
                Args(
                )
        )
        ReturnType: 
        Identifier(int)
        FunctionBody:
        CompoundStatement(
            DeclarationList(
                IsStatic: 0, IsConst: 0
                TypeSpecifierModifier: None
                Identifier(int)
                SingleDeclarationNode(
                    DeclarationIdentifier(
                        PointerCount: 0
                            DeclarationIdentifier(
                                PointerCount: 1
                                    Identifier(fn)
                                ArraySizes: 
                            )
                        ArraySizes: 
                        FunctionParameters: 
                            Args(
                                FunctionParameter(
                                    IsConst: 0
                                    TypeSpecifierModifier: None
                                    Identifier(int)
                                    SingleDeclarationNode(
                                        DeclarationIdentifier(
                                            PointerCount: 0
                                                Identifier(a)
                                            ArraySizes: 
                                        )
                                        Initialization : nullptr
                                    )
                                )
                                FunctionParameter(
                                    IsConst: 0
                                    TypeSpecifierModifier: None
                                    Identifier(int)
                                    SingleDeclarationNode(
                                        DeclarationIdentifier(
                                            PointerCount: 0
                                                Identifier(b)
                                            ArraySizes: 
                                        )
                                        Initialization : nullptr
                                    )
                                )
                            )
                    )
                    InitializerNode(
                        Expressions: 1
                        PrimaryExpression(
                            Constant(0)
                        )
                    )
                )
            )
            DeclarationList(
                IsStatic: 0, IsConst: 0
                TypeSpecifierModifier: None
                Identifier(int)
                SingleDeclarationNode(
                    DeclarationIdentifier(
                        PointerCount: 0
                            Identifier(a)
                        ArraySizes: 
                    )
                    InitializerNode(
                        Expressions: 1
                        FunctionCallPostfixExpr(
                            PrimaryExpression(
                                Identifier(abs)
                            )
                            CommaExpression(
                                Factor(
                                    UnaryOp: OP_UNARY_MINUS,
                                    PrimaryExpression(
                                        Constant(4)
                                    )
                                )
                            )
                        )
                    )
                )
            )
            DeclarationList(
                IsStatic: 0, IsConst: 0
                TypeSpecifierModifier: None
                Identifier(int)
                SingleDeclarationNode(
                    DeclarationIdentifier(
                        PointerCount: 0
                            Identifier(b)
                        ArraySizes: 
                    )
                    InitializerNode(
                        Expressions: 1
                        FunctionCallPostfixExpr(
                            PrimaryExpression(
                                Identifier(pow2)
                            )
                            CommaExpression(
                                PrimaryExpression(
                                    Constant(2)
                                )
                                PrimaryExpression(
                                    Constant(5)
                                )
                            )
                        )
                    )
                )
            )
            DeclarationList(
                IsStatic: 0, IsConst: 0
                TypeSpecifierModifier: None
                Identifier(int)
                SingleDeclarationNode(
                    DeclarationIdentifier(
                        PointerCount: 0
                            Identifier(c)
                        ArraySizes: 
                    )
                    InitializerNode(
                        Expressions: 1
                        FunctionCallPostfixExpr(
                            PrimaryExpression(
                                Identifier(is_prime)
                            )
                            CommaExpression(
                                PrimaryExpression(
                                    Constant(17)
                                )
                            )
                        )
                    )
                )
            )
            DeclarationList(
                IsStatic: 0, IsConst: 0
                TypeSpecifierModifier: None
                Identifier(int)
                SingleDeclarationNode(
                    DeclarationIdentifier(
                        PointerCount: 0
                            Identifier(d)
                        ArraySizes: 
                    )
                    InitializerNode(
                        Expressions: 1
                        FunctionCallPostfixExpr(
                            PrimaryExpression(
                                Identifier(nth_fib)
                            )
                            CommaExpression(
                                PrimaryExpression(
                                    Constant(8)
                                )
                            )
                        )
                    )
                )
            )
            DeclarationList(
                IsStatic: 0, IsConst: 0
                TypeSpecifierModifier: None
                Identifier(int)
                SingleDeclarationNode(
                    DeclarationIdentifier(
                        PointerCount: 0
                            Identifier(q)
                        ArraySizes: 
                    )
                    InitializerNode(
                        Expressions: 1
                        CastFactor(
                            TypeNode(
                                isConst: 0
                                TypeSpecifierModifier: None
                                Identifier(int)
                            )
                            DeclarationIdentifier(
                                PointerCount: 0
                                    Variable: nullptr
                                ArraySizes: 
                            )
                            CommaExpression(
                                PrimaryExpression(
                                    Identifier(a)
                                )
                            )
                        )
                    )
                )
            )
            DeclarationList(
                IsStatic: 0, IsConst: 0
                TypeSpecifierModifier: None
                Identifier(int)
                SingleDeclarationNode(
                    DeclarationIdentifier(
                        PointerCount: 0
                            Identifier(s)
                        ArraySizes: 
                    )
                    InitializerNode(
                        Expressions: 1
                        FunctionCallPostfixExpr(
                            PrimaryExpression(
                                Identifier(sqrtish)
                            )
                            CommaExpression(
                                PrimaryExpression(
                                    Constant(50)
                                )
                            )
                        )
                    )
                )
            )
        )
    )
)

custom_tests/parse/38_invalid_mixed_mathlib_sub.cpp:2:15: [38;2;255;0;0merror: [0mexpected ')' (PARSE)
	    if (x < 0 {
	              [38;2;255;0;0m^[0m
custom_tests/parse/38_invalid_mixed_mathlib_sub.cpp:5:24: [38;2;255;0;0merror: [0mexpected ':' in ternary expression (PARSE)
	    return (x > 0) ? x x;
	                       [38;2;255;0;0m^[0m
custom_tests/parse/38_invalid_mixed_mathlib_sub.cpp:12:21: [38;2;255;0;0merror: [0mexpected ';' after expression (PARSE)
	        exp = exp - 1
	                    [38;2;255;0;0m^[0m
custom_tests/parse/38_invalid_mixed_mathlib_sub.cpp:20:24: [38;2;255;0;0merror: [0mexpected ')' (PARSE)
	        if (n % d == 0 {
	                       [38;2;255;0;0m^[0m
custom_tests/parse/38_invalid_mixed_mathlib_sub.cpp:31:15: [38;2;255;0;0merror: [0mexpected identifier after '.' (PARSE)
	    int t = a.;
	              [38;2;255;0;0m^[0m
custom_tests/parse/38_invalid_mixed_mathlib_sub.cpp:41:27: [38;2;255;0;0merror: [0mexpected ';' after expression (PARSE)
	        approx = approx + 1
	                          [38;2;255;0;0m^[0m
custom_tests/parse/38_invalid_mixed_mathlib_sub.cpp:42:40: [38;2;255;0;0merror: [0mexpected ';' after 'do ... while' (PARSE)
	    } while (approx * approx < n; guess)
	                                       [38;2;255;0;0m^[0m
custom_tests/parse/38_invalid_mixed_mathlib_sub.cpp:50:13: [38;2;255;0;0merror: [0mredefinition of struct (PARSE)
	struct Span {
	            [38;2;255;0;0m^[0m
custom_tests/parse/38_invalid_mixed_mathlib_sub.cpp:63:5: [38;2;255;0;0merror: [0mexpected expression (PARSE)
	    return a + b + c + d + q + s;
	    [38;2;255;0;0m^[0m
Compilation failed due to 9 error(s)
